[33mΓ¥»[39m Building...
[32mΓ£ö[39m Building...
[1mInitial chunk files[22m[2m | [22m[1mNames[22m        [2m | [22m [1mRaw size[22m[2m | [22m[1mEstimated transfer size[22m
[32mmain-MYTTKTIZ.js[39m   [2m | [22m[2mmain[22m         [2m | [22m[36m235.90 kB[39m[2m | [22m               [36m59.74 kB[39m
[32mstyles-PZJI2ZO3.css[39m[2m | [22m[2mstyles[22m       [2m | [22m [36m30.01 kB[39m[2m | [22m                [36m5.00 kB[39m

[1m [22m                  [2m | [22m[1mInitial total[22m[2m | [22m[1m265.91 kB[22m[2m | [22m               [1m64.75 kB[22m

Application bundle generation complete. [1.958 seconds] - 2026-03-09T09:14:08.134Z

node.exe : 
[1m[33m[33mΓû▓ [43;
33m[[43;30mWARNING[43
;33m][0m [1mUnable 
to locate stylesheet: 
D:\styles.css[0m
At C:\Users\DELL\AppDat
a\Roaming\npm\ng.ps1:24
 char:5
+     & "node$exe"  "$b
asedir/node_modules/@an
gular/cli/bin/ng.js" 
$arg ...
+     ~~~~~~~~~~~~~~~~~
~~~~~~~~~~~~~~~~~~~~~~~
~~~~~~~~~~~~~~~~~~~~~~~
~~
    + CategoryInfo     
         : NotSpecifi  
  ed: ([1m[33m[33   
 mΓ...\styles.css[    
0m:String) [], Rem    
oteException
    + FullyQualifiedEr 
   rorId : NativeComm  
  andError
 

[39m[22m
Output location: D:\Projects\InsureAI\InsureAI-Frontend\dist\InsureAI-Frontend

